---
source: tests/integration/install.rs
expression: result
---
DevPackages:
  Minimal.luau: "if not game then\n    return require(\"./_Index/biff_minimal@0.1.0/minimal\")\nelse\n    return require(script.Parent._Index[\"biff_minimal@0.1.0\"][\"minimal\"])\nend\n"
  OneDependency.luau: "if not game then\n    return require(\"./_Index/biff_one-dependency@0.1.0/one-dependency\")\nelse\n    return require(script.Parent._Index[\"biff_one-dependency@0.1.0\"][\"one-dependency\"])\nend\n"
  Transitive.luau: "if not game then\n    return require(\"./_Index/biff_transitive-dependency@0.1.0/transitive-dependency\")\nelse\n    return require(script.Parent._Index[\"biff_transitive-dependency@0.1.0\"][\"transitive-dependency\"])\nend\n"
  _Index:
    biff_minimal@0.1.0:
      minimal:
        init.lua: "return \"hey\""
    biff_one-dependency@0.1.0:
      Minimal.luau: "if not game then\n    return require(\"../biff_minimal@0.1.0/minimal\")\nelse\n    return require(script.Parent.Parent[\"biff_minimal@0.1.0\"][\"minimal\"])\nend\n"
      one-dependency:
        init.lua: "return \"hey\""
    biff_transitive-dependency@0.1.0:
      OneDependency.luau: "if not game then\n    return require(\"../biff_one-dependency@0.1.0/one-dependency\")\nelse\n    return require(script.Parent.Parent[\"biff_one-dependency@0.1.0\"][\"one-dependency\"])\nend\n"
      transitive-dependency:
        init.lua: "return \"hey\""
default.project.json: "{\n\t\"name\": \"dev-dependency\",\n\t\"tree\": {\n\t\t\"$path\": \"src\"\n\t}\n}"
src:
  init.luau: "local Minimal = require(script.Parent.Minimal)\n\nreturn function()\n\tprint(Minimal)\nend"
wally.lock: "# This file is automatically @generated by Wally.\n# It is not intended for manual editing.\nregistry = \"test\"\n\n[[package]]\nname = \"biff/dev-dependency\"\nversion = \"0.1.0\"\ndependencies = [\n\t[\"Transitive\", \"biff/transitive-dependency@0.1.0\"],\n]\n\n[[package]]\nname = \"biff/minimal\"\nversion = \"0.1.0\"\ndependencies = []\n\n[[package]]\nname = \"biff/one-dependency\"\nversion = \"0.1.0\"\ndependencies = [\n\t[\"Minimal\", \"biff/minimal@0.1.0\"],\n]\n\n[[package]]\nname = \"biff/transitive-dependency\"\nversion = \"0.1.0\"\ndependencies = [\n\t[\"OneDependency\", \"biff/one-dependency@0.1.0\"],\n]\n\n"
wally.toml: "[package]\nname = \"biff/dev-dependency\"\nversion = \"0.1.0\"\nlicense = \"MIT\"\nrealm = \"server\"\nregistry = \"test-registries/primary-registry\"\n\n[place]\nserver-packages = \"game.ServerScriptStorage.Packages\"\n\n[dev-dependencies]\nTransitive = \"biff/transitive-dependency@0.1.0\"\n"
